
> skycrop-backend@0.1.0 test
> jest --config jest.config.js --runInBand --verbose

{"cache_hit":false,"date":"2025-01-15","environment":"test","field_id":"field-1","latency_ms":1,"level":"info","message":"health.indices.process.ok","route":"/api/v1/fields/:id/health/compute","service":"skycrop-backend","timestamp":"2025-11-21T10:37:12.293Z"}
{"date":"2025-01-15","duration_ms":0,"environment":"test","field_id":"field-1","level":"error","message":"health.indices.process.error","route":"/api/v1/fields/:id/health/compute","service":"skycrop-backend","status":500,"timestamp":"2025-11-21T10:37:12.303Z"}
npm : FAIL tests/unit/health.service.test.js
At line:1 char:13
+ cd backend; npm test -- --verbose 2>&1 | Out-File -FilePath test-resu ...
+             ~~~~~~~~~~~~~~~~~~~~~~~~~~
    + CategoryInfo          : NotSpecified: (FAIL tests/unit/health.service.te 
   st.js:String) [], RemoteException
    + FullyQualifiedErrorId : NativeCommandError
 
  HealthService (vegetation indices) unit
    ΓêÜ evalscript builder includes expected bands and index formulas (4 ms)
    ΓêÜ computeIndicesForField builds Process API request with geometry and 
image size, populates cache (8 ms)
    ΓêÜ upsertSnapshot is idempotent and returns row; recompute=true updates 
values (2 ms)
    ΓêÜ listSnapshots returns paginated results and respects range and 
page/pageSize defaults (3 ms)
    ├ù Process API error mapping: 5xx -> 503, 4xx -> 400 (5 ms)
    ΓêÜ date validation rejects invalid date format (1 ms)

  ΓùÅ HealthService (vegetation indices) unit ΓÇ║ Process API error mapping: 
5xx -> 503, 4xx -> 400

    expect(received).rejects.toMatchObject(expected)

    - Expected  - 1
    + Received  + 1

      Object {
    -   "statusCode": 400,
    +   "statusCode": 501,
      }

    [0m [90m 244 |[39m     [90m// Process 400[39m
     [90m 245 |[39m     
axios[33m.[39mpost[33m.[39mmockImplementationOnce([36masync[39m () 
[33m=>[39m ({ status[33m:[39m [35m400[39m[33m,[39m data[33m:[39m {} 
}))[33m;[39m
    [31m[1m>[22m[39m[90m 246 |[39m     [36mawait[39m 
expect(svc[33m.[39mcomputeIndicesForField(userId[33m,[39m 
fieldId[33m,[39m date))[33m.[39mrejects[33m.[39mtoMatchObject({ 
statusCode[33m:[39m [35m400[39m })[33m;[39m
     [90m     |[39m                                                          
                   [31m[1m^[22m[39m
     [90m 247 |[39m   })[33m;[39m
     [90m 248 |[39m
     [90m 249 |[39m   test([32m'date validation rejects invalid date 
format'[39m[33m,[39m [36masync[39m () [33m=>[39m {[0m

      at Object.toMatchObject (node_modules/expect/build/index.js:218:22)
      at Object.toMatchObject (tests/unit/health.service.test.js:246:77)

{"correlation_id":null,"downstream_status":200,"environment":"test","latency_ms":1,"level":"info","message":"ml.gateway.downstream","model_version":"unet-2.0.0","route":"/api/v1/ml/segmentation/predict","service":"skycrop-backend","timestamp":"2025-11-21T10:37:12.568Z"}
{"correlation_id":null,"downstream_status":200,"environment":"test","latency_ms":1,"level":"info","message":"ml.gateway.downstream","model_version":"unet-1.0.0","route":"/api/v1/ml/segmentation/predict","service":"skycrop-backend","timestamp":"2025-11-21T10:37:12.571Z"}
{"correlation_id":null,"downstream_status":404,"environment":"test","latency_ms":0,"level":"info","message":"ml.gateway.downstream","model_version":"9.9.9","route":"/api/v1/ml/segmentation/predict","service":"skycrop-backend","timestamp":"2025-11-21T10:37:12.572Z"}
{"environment":"test","latency_ms":1,"level":"error","message":"expect(received).toBe(expected) // Object.is equality\n\nExpected: \"inline\"\nReceived: undefined","route":"/api/v1/ml/segmentation/predict","service":"skycrop-backend","timestamp":"2025-11-21T10:37:12.575Z"}
FAIL tests/unit/ml.gateway.service.segmentation.test.js
  MLGatewayService.detectBoundaries Unit
    ΓêÜ happy path: returns normalized structure (maskUrl) and propagates 
Authorization + X-Model-Version header from options (5 ms)
    ΓêÜ header propagation: uses env MODEL_UNET_VERSION when 
options.modelVersion not provided (1 ms)
    ΓêÜ error mapping: downstream 404 MODEL_NOT_FOUND is normalized and thrown 
(2 ms)
    ΓêÜ input validation: bad bbox arrays reject fast and do not call 
downstream (1 ms)
    ├ù inline return: returns maskBase64 and preserves model/version (1 ms)

  ΓùÅ MLGatewayService.detectBoundaries Unit ΓÇ║ inline return: returns 
maskBase64 and preserves model/version

    AppError: ML service request failed

    [0m [90m 173 |[39m         message[33m:[39m 
err[33m.[39mmessage[33m,[39m
     [90m 174 |[39m       })[33m;[39m
    [31m[1m>[22m[39m[90m 175 |[39m       [36mthrow[39m [36mnew[39m 
[33mAppError[39m([32m'UPSTREAM_ERROR'[39m[33m,[39m [32m'ML service 
request failed'[39m[33m,[39m [35m502[39m[33m,[39m { message[33m:[39m 
err[33m.[39mmessage })[33m;[39m
     [90m     |[39m             [31m[1m^[22m[39m
     [90m 176 |[39m     }
     [90m 177 |[39m
     [90m 178 |[39m     [36mconst[39m latency [33m=[39m 
[33mDate[39m[33m.[39mnow() [33m-[39m started[33m;[39m[0m

      at MLGatewayService._callML (src/services/mlGateway.service.js:175:13)
      at MLGatewayService.predict (src/services/mlGateway.service.js:310:18)
      at MLGatewayService.detectBoundaries 
(src/services/mlGateway.service.js:374:24)
      at Object.<anonymous> 
(tests/unit/ml.gateway.service.segmentation.test.js:187:17)

PASS tests/unit/routes.middleware.branches.test.js
  Routes middleware branch coverage lifts (ML and Satellite)
    ΓêÜ ML routes error handler maps entity.too.large and 413 status to 
standardized 413 error (922 ms)
    ΓêÜ Satellite preprocess enforceMaxBodySize: Content-Length header branch 
returns 413 JSON (353 ms)
    ΓêÜ Satellite preprocess enforceMaxBodySize: fallback approx branch when 
no content-length (Buffer.byteLength mocked) (327 ms)
    ΓêÜ Satellite preprocess enforceMaxBodySize: pass-through when below 
threshold (331 ms)
    ΓêÜ Satellite preprocess enforceMaxBodySize: catch branch when 
JSON.stringify throws (316 ms)

{"duration_ms":0,"environment":"test","level":"error","message":"weather.current.error","service":"skycrop-backend","status":401,"timestamp":"2025-11-21T10:37:15.197Z"}
{"duration_ms":1520,"environment":"test","level":"error","message":"weather.current.error","service":"skycrop-backend","timestamp":"2025-11-21T10:37:16.717Z"}
{"duration_ms":0,"environment":"test","level":"error","message":"weather.current.error","service":"skycrop-backend","timestamp":"2025-11-21T10:37:16.746Z"}
{"duration_ms":0,"environment":"test","level":"error","message":"weather.current.error","service":"skycrop-backend","timestamp":"2025-11-21T10:37:16.772Z"}
{"duration_ms":0,"environment":"test","level":"info","message":"weather.forecast.response","service":"skycrop-backend","status":200,"timestamp":"2025-11-21T10:37:16.836Z"}
{"environment":"test","key":"weather:forecast:FIELD_ID","level":"info","message":"cache.set","service":"skycrop-backend","timestamp":"2025-11-21T10:37:16.837Z","ttl":21600}
PASS tests/unit/weather.service.branches.test.js
  WeatherService branch coverage lifts
    ΓêÜ throws ValidationError when OPENWEATHER_API_KEY is missing (covers 
_requireApiKey false branch) (40 ms)
    ΓêÜ throws ValidationError when field center is missing/invalid (covers 
_fieldCenterToLatLon invalid branch) (29 ms)
    ΓêÜ throws ValidationError for missing userId in _getFieldOrThrow (covers 
missing param branches) (29 ms)
    ΓêÜ requestWithRetry maps 4xx to ValidationError with statusCode and 
bubbles via getCurrentByField (covers 4xx path) (1556 ms)
    ΓêÜ requestWithRetry retries on 5xx then throws SERVICE_UNAVAILABLE 503 
(covers retry/backoff path) (28 ms)
    ΓêÜ getCurrentByField falls back to cache on provider failure when 
secondary cache fetch hits (covers catch fallback branch) (27 ms)
    ΓêÜ forecast path: cache hit branch (covers getForecastByField cached 
block) (29 ms)
    ΓêÜ getForecastByField success path with provider (covers success/meta 
cache miss branch) (35 ms)

{"duration_ms":0,"environment":"test","level":"info","message":"weather.current.response","service":"skycrop-backend","status":200,"timestamp":"2025-11-21T10:37:17.077Z"}
{"environment":"test","key":"weather:current:FIELD_ID","level":"info","message":"cache.set","service":"skycrop-backend","timestamp":"2025-11-21T10:37:17.078Z","ttl":21600}
{"duration_ms":0,"environment":"test","level":"error","message":"weather.current.error","service":"skycrop-backend","status":401,"timestamp":"2025-11-21T10:37:17.079Z"}
{"duration_ms":510,"environment":"test","level":"error","message":"weather.current.error","service":"skycrop-backend","status":401,"timestamp":"2025-11-21T10:37:17.589Z"}
{"duration_ms":1524,"environment":"test","level":"error","message":"weather.current.error","service":"skycrop-backend","status":401,"timestamp":"2025-11-21T10:37:18.603Z"}
{"duration_ms":1524,"environment":"test","level":"error","message":"weather.current.error","service":"skycrop-backend","timestamp":"2025-11-21T10:37:18.603Z"}
{"duration_ms":0,"environment":"test","level":"error","message":"weather.current.error","service":"skycrop-backend","timestamp":"2025-11-21T10:37:18.605Z"}
{"duration_ms":0,"environment":"test","level":"info","message":"weather.forecast.response","service":"skycrop-backend","status":200,"timestamp":"2025-11-21T10:37:18.606Z"}
{"environment":"test","key":"weather:forecast:FIELD_ID","level":"info","message":"cache.set","service":"skycrop-backend","timestamp":"2025-11-21T10:37:18.607Z","ttl":21600}
PASS tests/unit/weather.service.extra.test.js
  WeatherService branch coverage lift
    ΓêÜ getCurrentByField: cache hit short-circuits and returns cached payload 
(2 ms)
    ΓêÜ getCurrentByField: success provider path -> miss then provider (1 ms)
    ΓêÜ getCurrentByField: 4xx client error maps to ValidationError with 
statusCode from provider (1526 ms)
    ΓêÜ getCurrentByField: 5xx error retries and ends as SERVICE_UNAVAILABLE 
503 (2 ms)
    ΓêÜ getForecastByField: success provider path returns limited daily array 
(1 ms)
    ΓêÜ getCurrentByField: missing API key throws ValidationError quickly (1 
ms)

PASS tests/unit/auth.service.test.js
  AuthService - signup/login
    ΓêÜ signup rejects invalid email (1 ms)
    ΓêÜ signup rejects weak password
    ΓêÜ signup rejects missing name (1 ms)
    ΓêÜ signup rejects duplicate email
    ΓêÜ signup success issues jwt and verification token (65 ms)
    ΓêÜ login fails with invalid credentials
    ΓêÜ login locks after 5 failed attempts (293 ms)

{"correlation_id":"corr-x","downstream_status":200,"environment":"test","latency_ms":0,"level":"info","message":"ml.gateway.downstream","model_version":"fallback","route":"/api/v1/ml/segmentation/predict","service":"skycrop-backend","timestamp":"2025-11-21T10:37:19.498Z"}
PASS tests/unit/branches.lift.more.test.js
  Additional branch coverage lifts
    ΓêÜ WeatherService getCurrentByField cache hit (covers cached branch) (62 
ms)
    ΓêÜ SatelliteService cached tile with non-matching If-None-Match returns 
200 with cached body (50 ms)
    ΓêÜ SatelliteService tileToBBox throws for x/y out of range (92 ms)
    ΓêÜ MLGatewayService _mapDownstreamError AUTH_REQUIRED and 
UNAUTHORIZED_INTERNAL branches (57 ms)
    ΓêÜ MLGatewayService modelVersion fallback: header missing uses 
data.model.version; setEx path executed (37 ms)

{"duration_ms":0,"environment":"test","level":"error","message":"satellite.tile.error","route":"/api/v1/satellite/tiles","service":"skycrop-backend","status":500,"timestamp":"2025-11-21T10:37:19.778Z"}
{"environment":"test","latency_ms":0,"level":"error","message":"network failure","route":"/api/v1/ml/segmentation/predict","service":"skycrop-backend","timestamp":"2025-11-21T10:37:19.784Z"}
PASS tests/unit/branches.extra.test.js
  Branch coverage extras
    FieldService.list additional branches
      ΓêÜ intersects "field:{id}" path builds subselect for boundary (2 ms)
      ΓêÜ invalid intersects string (neither field: nor GeoJSON) throws 
ValidationError (1 ms)
      ΓêÜ near with invalid radius (0) throws ValidationError
    SatelliteService negative/error branches
      ΓêÜ getTile invalid date format -> ValidationError
      ΓêÜ getTile downstream 5xx maps to 502 (AppError-like) (2 ms)
      ΓêÜ queuePreprocess invalid bbox extents (min>=max) -> ValidationError 
(1 ms)
    MLGatewayService downstream default error mappings
      ΓêÜ 404 without code -> MODEL_NOT_FOUND 404 (1 ms)
      ΓêÜ 504/408 without code -> TIMEOUT 504
      ΓêÜ generic 4xx without code -> INVALID_INPUT 400 (1 ms)
  SatelliteService additional branches
    ΓêÜ _buildEvalscript non-RGB bands path is exercised (1 ms)
    ΓêÜ _cacheSetTile uses setex fallback when setEx not present; 
_cacheGetTile invalid JSON returns null
    ΓêÜ _getOAuthToken failure path throws with statusCode
  MLGatewayService network error branch
    ΓêÜ axios.post throws -> AppError UPSTREAM_ERROR 502 (2 ms)
  WeatherService additional branches
    ΓêÜ _fieldCenterToLatLon invalid center triggers ValidationError early (2 
ms)
    ΓêÜ provider failure falls back to cached value when available (1 ms)

{"environment":"test","key":"field:health:FIELD_ID","level":"info","message":"cache.miss","service":"skycrop-backend","timestamp":"2025-11-21T10:37:20.042Z"}
{"environment":"test","key":"field:health:FIELD_ID","level":"info","message":"cache.miss","service":"skycrop-backend","timestamp":"2025-11-21T10:37:20.043Z"}
{"environment":"test","key":"field:health:FIELD_ID","level":"info","message":"cache.hit","service":"skycrop-backend","timestamp":"2025-11-21T10:37:20.044Z"}
{"environment":"test","key":"field:health:FIELD_ID","level":"info","message":"cache.miss","service":"skycrop-backend","timestamp":"2025-11-21T10:37:20.046Z"}
PASS tests/unit/fieldHealth.service.test.js
  FieldHealthService unit
    ΓêÜ throws ValidationError when userId is missing (1 ms)
    ΓêÜ throws ValidationError when fieldId is missing (1 ms)
    ΓêÜ throws NotFoundError when ownership check fails
    ΓêÜ returns neutral summary when no latest health record (cache miss path) 
(2 ms)
    ΓêÜ computes summary from latest record, caches it, and serves from cache 
on subsequent call (2 ms)
    ΓêÜ advice includes rain tip when forecast indicates significant 
precipitation (1 ms)
    ΓêÜ _signalsFromRecord returns present metrics with weights (1 ms)
    ΓêÜ _statusFromScore thresholds: 70ΓåÆgood, 40ΓåÆmoderate, <40ΓåÆpoor
    ΓêÜ _scoreFromRecord clamps and adjusts with ndvi/ndwi/cloud
    ΓêÜ _maybeGetForecast returns null when weather service throws (1 ms)
    ΓêÜ ownership validation messages for missing parameters are precise (13 
ms)

{"cache_hit":true,"correlation_id":null,"environment":"test","etag":"etag-xyz","latency_ms":0,"level":"info","message":"satellite.tiles","method":"GET","route":"/api/v1/satellite/tiles/12/3567/2150","service":"skycrop-backend","status":304,"timestamp":"2025-11-21T10:37:20.270Z"}
PASS tests/unit/controllers.branches.test.js
  Controllers branch coverage (error and alt paths)
    ΓêÜ FieldController.list -> next(err) on service ValidationError (41 ms)
    ΓêÜ FieldController.getById -> next(err) on NotFoundError (32 ms)
    ΓêÜ MLController.predict -> next(err) on AppError INVALID_INPUT (39 ms)
    ΓêÜ SatelliteController.getTile -> 304 Not Modified path (33 ms)
    ΓêÜ SatelliteController.getTile -> next(err) on ValidationError (27 ms)
    ΓêÜ WeatherController.current -> next(err) when field_id missing (33 ms)
    ΓêÜ WeatherController.forecast -> success 200 and payload (35 ms)

{"environment":"test","level":"warn","message":"Sentinel Hub credentials are not configured; proceeding for test/mocked environment","service":"skycrop-backend","timestamp":"2025-11-21T10:37:20.546Z"}
{"cache_hit":false,"duration_ms":1,"environment":"test","etag":"4effda12c2611e2e4feb6f0d342feb685ccd825b","level":"info","message":"satellite.tile.response","route":"/api/v1/satellite/tiles","service":"skycrop-backend","status":200,"timestamp":"2025-11-21T10:37:20.548Z"}
{"environment":"test","level":"warn","message":"Sentinel Hub credentials are not configured; proceeding for test/mocked environment","service":"skycrop-backend","timestamp":"2025-11-21T10:37:20.577Z"}
{"cache_hit":false,"duration_ms":0,"environment":"test","etag":"4effda12c2611e2e4feb6f0d342feb685ccd825b","level":"info","message":"satellite.tile.response","route":"/api/v1/satellite/tiles","service":"skycrop-backend","status":200,"timestamp":"2025-11-21T10:37:20.577Z"}
{"environment":"test","level":"warn","message":"Sentinel Hub credentials are not configured; proceeding for test/mocked environment","service":"skycrop-backend","timestamp":"2025-11-21T10:37:20.639Z"}
PASS tests/unit/satellite.service.branches.test.js
  SatelliteService branch coverage lifts
    ΓêÜ tileToBBox rejects zoom > 22 (covers validation branch) (73 ms)
    ΓêÜ getTile uses setex fallback when redis.setEx is unavailable (covers 
_cacheSetTile else branch + process validateStatus) (45 ms)
    ΓêÜ getTile ignores invalid cache JSON then fetches (covers _cacheGetTile 
catch branch) (30 ms)
    ΓêÜ getTile throws on invalid date format (covers date validation branch) 
(32 ms)
    ΓêÜ OAuth error path (token 400) raises error (covers _getOAuthToken 
non-2xx branch) (29 ms)

{"cache_hit":false,"duration_ms":0,"environment":"test","etag":"9f32ee09df44b6b86bb918fa212df628a1f2e76f","level":"info","message":"satellite.tile.response","route":"/api/v1/satellite/tiles","service":"skycrop-backend","status":200,"timestamp":"2025-11-21T10:37:20.882Z"}
{"cache_hit":false,"duration_ms":0,"environment":"test","etag":"9f32ee09df44b6b86bb918fa212df628a1f2e76f","level":"info","message":"satellite.tile.response","route":"/api/v1/satellite/tiles","service":"skycrop-backend","status":200,"timestamp":"2025-11-21T10:37:20.882Z"}
{"cache_hit":false,"duration_ms":0,"environment":"test","etag":"9f32ee09df44b6b86bb918fa212df628a1f2e76f","level":"info","message":"satellite.tile.response","route":"/api/v1/satellite/tiles","service":"skycrop-backend","status":200,"timestamp":"2025-11-21T10:37:20.887Z"}
PASS tests/unit/coverage.lift.test.js
  Coverage Lift: FieldService negative/update/delete branches
    ΓêÜ list invalid bbox triggers ValidationError and no SQL call (7 ms)
    ΓêÜ getById not found triggers NotFoundError (1 ms)
    ΓêÜ update invalid status triggers ValidationError
    ΓêÜ update duplicate name triggers ConflictError
    ΓêÜ delete not found triggers NotFoundError (1 ms)
  Coverage Lift: MLGatewayService error mapping branches
    ΓêÜ NOT_IMPLEMENTED -> 501
    ΓêÜ AUTH_REQUIRED -> 401 (1 ms)
    ΓêÜ UNAUTHORIZED_INTERNAL -> 403
    ΓêÜ Fallback 5xx -> UPSTREAM_ERROR 502 (1 ms)
  Coverage Lift: SatelliteService preprocess idempotency and worker
    ΓêÜ queuePreprocess idempotency returns stable job_id and worker completes 
(4 ms)
    ΓêÜ getTile cached 304 path via If-None-Match (2 ms)

{"duration_ms":0,"environment":"test","level":"info","message":"weather.forecast.normalized.coords.response","service":"skycrop-backend","status":200,"timestamp":"2025-11-21T10:37:21.121Z"}
{"environment":"test","key":"weather:forecast:LAT:LON","level":"info","message":"cache.set","service":"skycrop-backend","timestamp":"2025-11-21T10:37:21.122Z","ttl":21600}
PASS tests/unit/weather.forecast.normalize.test.js
  WeatherService forecast normalization
    ΓêÜ normalize from provider daily -> days[] with totals rain_3d_mm and 
rain_7d_mm (4 ms)

{"correlation_id":"corr-abc","downstream_status":200,"environment":"test","latency_ms":1,"level":"info","message":"ml.gateway.downstream","model_version":"unet-2.0.0","route":"/api/v1/ml/segmentation/predict","service":"skycrop-backend","timestamp":"2025-11-21T10:37:21.219Z"}
{"environment":"test","latency_ms":0,"level":"error","message":"network down","route":"/api/v1/ml/segmentation/predict","service":"skycrop-backend","timestamp":"2025-11-21T10:37:21.309Z"}
PASS tests/unit/ml.gateway.service.branches.test.js
  MLGatewayService branch coverage lifts
    ΓêÜ predict caches via setex fallback when return=mask_url and mask_url 
present; covers validateStatus in _callML (29 ms)
    ΓêÜ _mapDownstreamError handles explicit UPSTREAM_ERROR code (covers 
code-specific branch) (25 ms)
    ΓêÜ _mapDownstreamError default mapping branches: 404/501/504(408)/4xx 
generic (30 ms)
    ΓêÜ _callML network error path -> AppError UPSTREAM_ERROR 502; 
validateStatus branch executed (30 ms)
    ΓêÜ normalizePayload defaults branches (tiling defaults and return 
normalization) (28 ms)

PASS tests/unit/controllers.field.more.branches.test.js
  ΓêÜ custom-errors default constructors cover default branches (1 ms)
  Field Controller additional branches
    ΓêÜ updateBoundary success path returns 200 and payload (35 ms)
    ΓêÜ archive error branch calls next(err) (32 ms)
    ΓêÜ restore success path returns 200 (33 ms)
    ΓêÜ remove/delete error branch calls next(err) (27 ms)
  custom-errors constructors branch hits
    ΓêÜ instantiate all custom errors and assert properties (2 ms)

PASS tests/unit/field.service.test.js
  FieldService unit
    ΓêÜ createWithBoundary normalizes Polygon -> MultiPolygon and computes via 
DB trigger (area_sqm on reload) (3 ms)
    ΓêÜ createWithBoundary rejects invalid geometry type (1 ms)
    ΓêÜ createWithBoundary rejects duplicate name
    ΓêÜ list with bbox builds ST_MakeEnvelope and caches results (2 ms)
    ΓêÜ list with near builds ST_DWithin(center::geography, ST_Point...) (1 ms)
    ΓêÜ list with intersects GeoJSON builds ST_GeomFromGeoJSON (1 ms)
    ΓêÜ getById caches detail and returns from cache on second call (1 ms)

PASS tests/unit/satellite.service.test.js
  SatelliteService unit
    ΓêÜ tileToBBox z=0, x=0, y=0 gives world extent (approx Web Mercator 
bounds) (1 ms)
    ΓêÜ tileToBBox z=1, x=1, y=1 returns quadrant bbox (1 ms)
    ΓêÜ tileToBBox validates invalid ranges (51 ms)
    ΓêÜ cache key generation stable
    ΓêÜ ETag generation via SHA1 of bytes
    ΓêÜ Idempotency hashing stable for same payload (1 ms)

{"correlation_id":"corr-1","downstream_status":200,"environment":"test","latency_ms":0,"level":"info","message":"ml.gateway.downstream","model_version":"unet-1.0.0","route":"/api/v1/ml/segmentation/predict","service":"skycrop-backend","timestamp":"2025-11-21T10:37:22.096Z"}
{"correlation_id":"corr-3","downstream_status":400,"environment":"test","latency_ms":0,"level":"info","message":"ml.gateway.downstream","model_version":null,"route":"/api/v1/ml/segmentation/predict","service":"skycrop-backend","timestamp":"2025-11-21T10:37:22.098Z"}
PASS tests/unit/ml.gateway.service.test.js
  MLGatewayService Unit
    ΓêÜ normalizePayload + computeRequestHash are stable regardless of key 
order (1 ms)
    ΓêÜ cache key/TTL logic: caches successful mask_url responses with 
configured TTL (2 ms)
    ΓêÜ error mapping: INVALID_INPUT -> 400 (1 ms)

FAIL tests/unit/recommendation.service.test.js
  ΓùÅ Test suite failed to run

    ReferenceError: 
D:\FYP\SkyCrop\backend\tests\unit\recommendation.service.test.js: The module 
factory of `jest.mock()` is not allowed to reference any out-of-scope 
variables.
    Invalid variable access: listByWhere
    Allowed objects: AbortController, AbortSignal, AggregateError, Array, 
ArrayBuffer, Atomics, BigInt, BigInt64Array, BigUint64Array, Blob, Boolean, 
BroadcastChannel, Buffer, ByteLengthQueuingStrategy, CompressionStream, 
CountQueuingStrategy, Crypto, CryptoKey, CustomEvent, DOMException, DataView, 
Date, DecompressionStream, Error, EvalError, Event, EventTarget, File, 
FinalizationRegistry, Float32Array, Float64Array, FormData, Function, 
Generator, GeneratorFunction, Headers, Infinity, Int16Array, Int32Array, 
Int8Array, InternalError, Intl, JSON, Map, Math, MessageChannel, MessageEvent, 
MessagePort, NaN, Number, Object, Performance, PerformanceEntry, 
PerformanceMark, PerformanceMeasure, PerformanceObserver, 
PerformanceObserverEntryList, PerformanceResourceTiming, Promise, Proxy, 
RangeError, ReadableByteStreamController, ReadableStream, 
ReadableStreamBYOBReader, ReadableStreamBYOBRequest, 
ReadableStreamDefaultController, ReadableStreamDefaultReader, ReferenceError, 
Reflect, RegExp, Request, Response, Set, SharedArrayBuffer, String, 
SubtleCrypto, Symbol, SyntaxError, TextDecoder, TextDecoderStream, 
TextEncoder, TextEncoderStream, TransformStream, 
TransformStreamDefaultController, TypeError, URIError, URL, URLSearchParams, 
Uint16Array, Uint32Array, Uint8Array, Uint8ClampedArray, WeakMap, WeakRef, 
WeakSet, WebAssembly, WritableStream, WritableStreamDefaultController, 
WritableStreamDefaultWriter, __dirname, __filename, arguments, atob, btoa, 
clearImmediate, clearInterval, clearTimeout, console, crypto, decodeURI, 
decodeURIComponent, encodeURI, encodeURIComponent, escape, eval, expect, 
exports, fetch, global, globalThis, isFinite, isNaN, jest, module, parseFloat, 
parseInt, performance, process, queueMicrotask, require, setImmediate, 
setInterval, setTimeout, structuredClone, undefined, unescape.
    Note: This is a precaution to guard against uninitialized mock variables. 
If it is ensured that the mock is required lazily, variable names prefixed 
with `mock` (case insensitive) are permitted.

    [0m [90m 110 |[39m         [90m// Count existing for date (controller 
helper)[39m
     [90m 111 |[39m         [36mif[39m ([35m/SELECT\s+COUNT\(\*\)::int\s+A
S\s+cnt\s+FROM\s+recommendations/i[39m[33m.[39mtest(s)) {
    [31m[1m>[22m[39m[90m 112 |[39m           [36mconst[39m rows 
[33m=[39m listByWhere({
     [90m     |[39m                        [31m[1m^[22m[39m[31m[1m^[22
m[39m[31m[1m^[22m[39m[31m[1m^[22m[39m[31m[1m^[22m[39m[31m[1m^[2
2m[39m[31m[1m^[22m[39m[31m[1m^[22m[39m[31m[1m^[22m[39m[31m[1m^[
22m[39m[31m[1m^[22m[39m
     [90m 113 |[39m             fieldId[33m:[39m 
replacements[33m.[39mfieldId[33m,[39m
     [90m 114 |[39m             fromISO[33m:[39m 
replacements[33m.[39m[36mfrom[39m[33m,[39m
     [90m 115 |[39m             toISO[33m:[39m 
replacements[33m.[39mto[33m,[39m[0m

      at File.buildCodeFrameError 
(node_modules/@babel/core/src/transformation/file/file.ts:251:12)
      at NodePath.buildError [as buildCodeFrameError] 
(node_modules/@babel/traverse/src/path/index.ts:159:21)
      at call (node_modules/@babel/traverse/src/visitors.ts:299:14)
      at NodePath.call [as _call] 
(node_modules/@babel/traverse/src/path/context.ts:36:20)
      at NodePath.call (node_modules/@babel/traverse/src/path/context.ts:21:18)
      at NodePath.call [as visit] 
(node_modules/@babel/traverse/src/path/context.ts:97:31)
      at TraversalContext.visit [as visitQueue] 
(node_modules/@babel/traverse/src/context.ts:151:16)
      at TraversalContext.visitQueue [as visitMultiple] 
(node_modules/@babel/traverse/src/context.ts:99:17)
      at TraversalContext.visitMultiple [as visit] 
(node_modules/@babel/traverse/src/context.ts:182:19)
      at visit (node_modules/@babel/traverse/src/traverse-node.ts:208:17)
      at NodePath.visit 
(node_modules/@babel/traverse/src/path/context.ts:104:33)
      at TraversalContext.visit [as visitQueue] 
(node_modules/@babel/traverse/src/context.ts:151:16)
      at TraversalContext.visitQueue [as visitSingle] 
(node_modules/@babel/traverse/src/context.ts:109:19)
      at TraversalContext.visitSingle [as visit] 
(node_modules/@babel/traverse/src/context.ts:184:19)
      at visit (node_modules/@babel/traverse/src/traverse-node.ts:208:17)
      at traverse (node_modules/@babel/traverse/src/index.ts:84:15)
      at transformFile 
(node_modules/@babel/core/src/transformation/index.ts:120:15)
          at transformFile.next (<anonymous>)
      at transformFile 
(node_modules/@babel/core/src/transformation/index.ts:50:12)
          at run.next (<anonymous>)
      at transform (node_modules/@babel/core/src/transform.ts:29:20)
          at transform.next (<anonymous>)
      at evaluateSync (node_modules/gensync/index.js:251:28)
      at sync (node_modules/gensync/index.js:89:14)
      at fn (node_modules/@babel/core/src/errors/rewrite-stack-trace.ts:99:14)
      at transformSync (node_modules/@babel/core/src/transform.ts:66:52)
      at ScriptTransformer.transformSource 
(node_modules/@jest/transform/build/ScriptTransformer.js:545:31)
      at ScriptTransformer._transformAndBuildScript 
(node_modules/@jest/transform/build/ScriptTransformer.js:674:40)
      at ScriptTransformer.transform 
(node_modules/@jest/transform/build/ScriptTransformer.js:726:19)

  console.warn
    [passport] GOOGLE_CLIENT_ID/SECRET not set; Google OAuth endpoints will not function.

    [0m [90m 15 |[39m   [36mif[39m ([33m![39m[33mGOOGLE_CLIENT_ID[39m [33m||[39m [33m![39m[33mGOOGLE_CLIENT_SECRET[39m) {
     [90m 16 |[39m     [90m// eslint-disable-next-line no-console[39m
    [31m[1m>[22m[39m[90m 17 |[39m     console[33m.[39mwarn(
     [90m    |[39m             [31m[1m^[22m[39m
     [90m 18 |[39m       [32m'[passport] GOOGLE_CLIENT_ID/SECRET not set; Google OAuth endpoints will not function.'[39m
     [90m 19 |[39m     )[33m;[39m
     [90m 20 |[39m   }[0m

      at warn (src/config/passport.config.js:17:13)
      at Object.configurePassport (src/config/passport.config.js:84:18)
      at Object.require (src/api/routes/auth.routes.js:11:18)
      at Object.require (src/app.js:8:20)
      at Object.require (tests/integration/weather.current.test.js:78:13)

FAIL tests/integration/weather.current.test.js
  ΓùÅ Test suite failed to run

    TypeError: Cannot read properties of undefined (reading 'ne')

    [0m [90m 151 |[39m       { unique[33m:[39m [36mtrue[39m[33m,[39m 
fields[33m:[39m [[32m'field_id'[39m[33m,[39m 
[32m'harvest_date'[39m][33m,[39m name[33m:[39m 
[32m'idx_actual_yields_field_harvest_unique'[39m }[33m,[39m
     [90m 152 |[39m       [90m// Prediction lookup[39m
    [31m[1m>[22m[39m[90m 153 |[39m       { fields[33m:[39m 
[[32m'prediction_id'[39m][33m,[39m where[33m:[39m { 
prediction_id[33m:[39m { 
[sequelize[33m.[39m[33mOp[39m[33m.[39mne][33m:[39m [36mnull[39m } } 
}[33m,[39m
     [90m     |[39m                                                          
                  [31m[1m^[22m[39m
     [90m 154 |[39m     ][33m,[39m
     [90m 155 |[39m   }
     [90m 156 |[39m )[33m;[39m[0m

      at Object.ne (src/models/actualYield.model.js:153:76)
      at Object.require (src/services/yield.service.js:4:21)
      at Object.require (src/api/controllers/yield.controller.js:3:29)
      at Object.require (src/api/routes/yield.routes.js:4:25)
      at Object.require (src/app.js:17:21)
      at Object.require (tests/integration/weather.current.test.js:78:13)

  console.warn
    [passport] GOOGLE_CLIENT_ID/SECRET not set; Google OAuth endpoints will not function.

    [0m [90m 15 |[39m   [36mif[39m ([33m![39m[33mGOOGLE_CLIENT_ID[39m [33m||[39m [33m![39m[33mGOOGLE_CLIENT_SECRET[39m) {
     [90m 16 |[39m     [90m// eslint-disable-next-line no-console[39m
    [31m[1m>[22m[39m[90m 17 |[39m     console[33m.[39mwarn(
     [90m    |[39m             [31m[1m^[22m[39m
     [90m 18 |[39m       [32m'[passport] GOOGLE_CLIENT_ID/SECRET not set; Google OAuth endpoints will not function.'[39m
     [90m 19 |[39m     )[33m;[39m
     [90m 20 |[39m   }[0m

      at warn (src/config/passport.config.js:17:13)
      at Object.configurePassport (src/config/passport.config.js:84:18)
      at Object.require (src/api/routes/auth.routes.js:11:18)
      at Object.require (src/app.js:8:20)
      at Object.require (tests/integration/satellite.tiles.test.js:95:13)

FAIL tests/integration/satellite.tiles.test.js
  ΓùÅ Test suite failed to run

    TypeError: Cannot read properties of undefined (reading 'ne')

    [0m [90m 151 |[39m       { unique[33m:[39m [36mtrue[39m[33m,[39m 
fields[33m:[39m [[32m'field_id'[39m[33m,[39m 
[32m'harvest_date'[39m][33m,[39m name[33m:[39m 
[32m'idx_actual_yields_field_harvest_unique'[39m }[33m,[39m
     [90m 152 |[39m       [90m// Prediction lookup[39m
    [31m[1m>[22m[39m[90m 153 |[39m       { fields[33m:[39m 
[[32m'prediction_id'[39m][33m,[39m where[33m:[39m { 
prediction_id[33m:[39m { 
[sequelize[33m.[39m[33mOp[39m[33m.[39mne][33m:[39m [36mnull[39m } } 
}[33m,[39m
     [90m     |[39m                                                          
                  [31m[1m^[22m[39m
     [90m 154 |[39m     ][33m,[39m
     [90m 155 |[39m   }
     [90m 156 |[39m )[33m;[39m[0m

      at Object.ne (src/models/actualYield.model.js:153:76)
      at Object.require (src/services/yield.service.js:4:21)
      at Object.require (src/api/controllers/yield.controller.js:3:29)
      at Object.require (src/api/routes/yield.routes.js:4:25)
      at Object.require (src/app.js:17:21)
      at Object.require (tests/integration/satellite.tiles.test.js:95:13)

  console.warn
    [passport] GOOGLE_CLIENT_ID/SECRET not set; Google OAuth endpoints will not function.

    [0m [90m 15 |[39m   [36mif[39m ([33m![39m[33mGOOGLE_CLIENT_ID[39m [33m||[39m [33m![39m[33mGOOGLE_CLIENT_SECRET[39m) {
     [90m 16 |[39m     [90m// eslint-disable-next-line no-console[39m
    [31m[1m>[22m[39m[90m 17 |[39m     console[33m.[39mwarn(
     [90m    |[39m             [31m[1m^[22m[39m
     [90m 18 |[39m       [32m'[passport] GOOGLE_CLIENT_ID/SECRET not set; Google OAuth endpoints will not function.'[39m
     [90m 19 |[39m     )[33m;[39m
     [90m 20 |[39m   }[0m

      at warn (src/config/passport.config.js:17:13)
      at Object.configurePassport (src/config/passport.config.js:84:18)
      at Object.require (src/api/routes/auth.routes.js:11:18)
      at Object.require (src/app.js:8:20)
      at Object.require (tests/integration/satellite.preprocess.test.js:95:13)

FAIL tests/integration/satellite.preprocess.test.js
  ΓùÅ Test suite failed to run

    TypeError: Cannot read properties of undefined (reading 'ne')

    [0m [90m 151 |[39m       { unique[33m:[39m [36mtrue[39m[33m,[39m 
fields[33m:[39m [[32m'field_id'[39m[33m,[39m 
[32m'harvest_date'[39m][33m,[39m name[33m:[39m 
[32m'idx_actual_yields_field_harvest_unique'[39m }[33m,[39m
     [90m 152 |[39m       [90m// Prediction lookup[39m
    [31m[1m>[22m[39m[90m 153 |[39m       { fields[33m:[39m 
[[32m'prediction_id'[39m][33m,[39m where[33m:[39m { 
prediction_id[33m:[39m { 
[sequelize[33m.[39m[33mOp[39m[33m.[39mne][33m:[39m [36mnull[39m } } 
}[33m,[39m
     [90m     |[39m                                                          
                  [31m[1m^[22m[39m
     [90m 154 |[39m     ][33m,[39m
     [90m 155 |[39m   }
     [90m 156 |[39m )[33m;[39m[0m

      at Object.ne (src/models/actualYield.model.js:153:76)
      at Object.require (src/services/yield.service.js:4:21)
      at Object.require (src/api/controllers/yield.controller.js:3:29)
      at Object.require (src/api/routes/yield.routes.js:4:25)
      at Object.require (src/app.js:17:21)
      at Object.require (tests/integration/satellite.preprocess.test.js:95:13)

  console.warn
    [passport] GOOGLE_CLIENT_ID/SECRET not set; Google OAuth endpoints will not function.

    [0m [90m 15 |[39m   [36mif[39m ([33m![39m[33mGOOGLE_CLIENT_ID[39m [33m||[39m [33m![39m[33mGOOGLE_CLIENT_SECRET[39m) {
     [90m 16 |[39m     [90m// eslint-disable-next-line no-console[39m
    [31m[1m>[22m[39m[90m 17 |[39m     console[33m.[39mwarn(
     [90m    |[39m             [31m[1m^[22m[39m
     [90m 18 |[39m       [32m'[passport] GOOGLE_CLIENT_ID/SECRET not set; Google OAuth endpoints will not function.'[39m
     [90m 19 |[39m     )[33m;[39m
     [90m 20 |[39m   }[0m

      at warn (src/config/passport.config.js:17:13)
      at Object.configurePassport (src/config/passport.config.js:84:18)
      at Object.require (src/api/routes/auth.routes.js:11:18)
      at Object.require (src/app.js:8:20)
      at Object.require (tests/integration/ml.predict.test.js:51:13)

FAIL tests/integration/ml.predict.test.js
  ΓùÅ Test suite failed to run

    TypeError: Cannot read properties of undefined (reading 'ne')

    [0m [90m 151 |[39m       { unique[33m:[39m [36mtrue[39m[33m,[39m 
fields[33m:[39m [[32m'field_id'[39m[33m,[39m 
[32m'harvest_date'[39m][33m,[39m name[33m:[39m 
[32m'idx_actual_yields_field_harvest_unique'[39m }[33m,[39m
     [90m 152 |[39m       [90m// Prediction lookup[39m
    [31m[1m>[22m[39m[90m 153 |[39m       { fields[33m:[39m 
[[32m'prediction_id'[39m][33m,[39m where[33m:[39m { 
prediction_id[33m:[39m { 
[sequelize[33m.[39m[33mOp[39m[33m.[39mne][33m:[39m [36mnull[39m } } 
}[33m,[39m
     [90m     |[39m                                                          
                  [31m[1m^[22m[39m
     [90m 154 |[39m     ][33m,[39m
     [90m 155 |[39m   }
     [90m 156 |[39m )[33m;[39m[0m

      at Object.ne (src/models/actualYield.model.js:153:76)
      at Object.require (src/services/yield.service.js:4:21)
      at Object.require (src/api/controllers/yield.controller.js:3:29)
      at Object.require (src/api/routes/yield.routes.js:4:25)
      at Object.require (src/app.js:17:21)
      at Object.require (tests/integration/ml.predict.test.js:51:13)

  console.warn
    [passport] GOOGLE_CLIENT_ID/SECRET not set; Google OAuth endpoints will not function.

    [0m [90m 15 |[39m   [36mif[39m ([33m![39m[33mGOOGLE_CLIENT_ID[39m [33m||[39m [33m![39m[33mGOOGLE_CLIENT_SECRET[39m) {
     [90m 16 |[39m     [90m// eslint-disable-next-line no-console[39m
    [31m[1m>[22m[39m[90m 17 |[39m     console[33m.[39mwarn(
     [90m    |[39m             [31m[1m^[22m[39m
     [90m 18 |[39m       [32m'[passport] GOOGLE_CLIENT_ID/SECRET not set; Google OAuth endpoints will not function.'[39m
     [90m 19 |[39m     )[33m;[39m
     [90m 20 |[39m   }[0m

      at warn (src/config/passport.config.js:17:13)
      at Object.configurePassport (src/config/passport.config.js:84:18)
      at Object.require (src/api/routes/auth.routes.js:11:18)
      at Object.require (src/app.js:8:20)
      at Object.require (tests/integration/fields.api.test.js:75:13)

FAIL tests/integration/fields.api.test.js
  ΓùÅ Test suite failed to run

    TypeError: Cannot read properties of undefined (reading 'ne')

    [0m [90m 151 |[39m       { unique[33m:[39m [36mtrue[39m[33m,[39m 
fields[33m:[39m [[32m'field_id'[39m[33m,[39m 
[32m'harvest_date'[39m][33m,[39m name[33m:[39m 
[32m'idx_actual_yields_field_harvest_unique'[39m }[33m,[39m
     [90m 152 |[39m       [90m// Prediction lookup[39m
    [31m[1m>[22m[39m[90m 153 |[39m       { fields[33m:[39m 
[[32m'prediction_id'[39m][33m,[39m where[33m:[39m { 
prediction_id[33m:[39m { 
[sequelize[33m.[39m[33mOp[39m[33m.[39mne][33m:[39m [36mnull[39m } } 
}[33m,[39m
     [90m     |[39m                                                          
                  [31m[1m^[22m[39m
     [90m 154 |[39m     ][33m,[39m
     [90m 155 |[39m   }
     [90m 156 |[39m )[33m;[39m[0m

      at Object.ne (src/models/actualYield.model.js:153:76)
      at Object.require (src/services/yield.service.js:4:21)
      at Object.require (src/api/controllers/yield.controller.js:3:29)
      at Object.require (src/api/routes/yield.routes.js:4:25)
      at Object.require (src/app.js:17:21)
      at Object.require (tests/integration/fields.api.test.js:75:13)

  console.warn
    [passport] GOOGLE_CLIENT_ID/SECRET not set; Google OAuth endpoints will not function.

    [0m [90m 15 |[39m   [36mif[39m ([33m![39m[33mGOOGLE_CLIENT_ID[39m [33m||[39m [33m![39m[33mGOOGLE_CLIENT_SECRET[39m) {
     [90m 16 |[39m     [90m// eslint-disable-next-line no-console[39m
    [31m[1m>[22m[39m[90m 17 |[39m     console[33m.[39mwarn(
     [90m    |[39m             [31m[1m^[22m[39m
     [90m 18 |[39m       [32m'[passport] GOOGLE_CLIENT_ID/SECRET not set; Google OAuth endpoints will not function.'[39m
     [90m 19 |[39m     )[33m;[39m
     [90m 20 |[39m   }[0m

      at warn (src/config/passport.config.js:17:13)
      at Object.configurePassport (src/config/passport.config.js:84:18)
      at Object.require (src/api/routes/auth.routes.js:11:18)
      at Object.require (src/app.js:8:20)
      at Object.require (tests/integration/recommendation.api.test.js:207:13)

FAIL tests/integration/recommendation.api.test.js
  ΓùÅ Test suite failed to run

    TypeError: Cannot read properties of undefined (reading 'ne')

    [0m [90m 151 |[39m       { unique[33m:[39m [36mtrue[39m[33m,[39m 
fields[33m:[39m [[32m'field_id'[39m[33m,[39m 
[32m'harvest_date'[39m][33m,[39m name[33m:[39m 
[32m'idx_actual_yields_field_harvest_unique'[39m }[33m,[39m
     [90m 152 |[39m       [90m// Prediction lookup[39m
    [31m[1m>[22m[39m[90m 153 |[39m       { fields[33m:[39m 
[[32m'prediction_id'[39m][33m,[39m where[33m:[39m { 
prediction_id[33m:[39m { 
[sequelize[33m.[39m[33mOp[39m[33m.[39mne][33m:[39m [36mnull[39m } } 
}[33m,[39m
     [90m     |[39m                                                          
                  [31m[1m^[22m[39m
     [90m 154 |[39m     ][33m,[39m
     [90m 155 |[39m   }
     [90m 156 |[39m )[33m;[39m[0m

      at Object.ne (src/models/actualYield.model.js:153:76)
      at Object.require (src/services/yield.service.js:4:21)
      at Object.require (src/api/controllers/yield.controller.js:3:29)
      at Object.require (src/api/routes/yield.routes.js:4:25)
      at Object.require (src/app.js:17:21)
      at Object.require (tests/integration/recommendation.api.test.js:207:13)

  console.warn
    [passport] GOOGLE_CLIENT_ID/SECRET not set; Google OAuth endpoints will not function.

    [0m [90m 15 |[39m   [36mif[39m ([33m![39m[33mGOOGLE_CLIENT_ID[39m [33m||[39m [33m![39m[33mGOOGLE_CLIENT_SECRET[39m) {
     [90m 16 |[39m     [90m// eslint-disable-next-line no-console[39m
    [31m[1m>[22m[39m[90m 17 |[39m     console[33m.[39mwarn(
     [90m    |[39m             [31m[1m^[22m[39m
     [90m 18 |[39m       [32m'[passport] GOOGLE_CLIENT_ID/SECRET not set; Google OAuth endpoints will not function.'[39m
     [90m 19 |[39m     )[33m;[39m
     [90m 20 |[39m   }[0m

      at warn (src/config/passport.config.js:17:13)
      at Object.configurePassport (src/config/passport.config.js:84:18)
      at Object.require (src/api/routes/auth.routes.js:11:18)
      at Object.require (src/app.js:8:20)
      at Object.require (tests/integration/ml.yield.test.js:50:13)

FAIL tests/integration/ml.yield.test.js
  ΓùÅ Test suite failed to run

    TypeError: Cannot read properties of undefined (reading 'ne')

    [0m [90m 151 |[39m       { unique[33m:[39m [36mtrue[39m[33m,[39m 
fields[33m:[39m [[32m'field_id'[39m[33m,[39m 
[32m'harvest_date'[39m][33m,[39m name[33m:[39m 
[32m'idx_actual_yields_field_harvest_unique'[39m }[33m,[39m
     [90m 152 |[39m       [90m// Prediction lookup[39m
    [31m[1m>[22m[39m[90m 153 |[39m       { fields[33m:[39m 
[[32m'prediction_id'[39m][33m,[39m where[33m:[39m { 
prediction_id[33m:[39m { 
[sequelize[33m.[39m[33mOp[39m[33m.[39mne][33m:[39m [36mnull[39m } } 
}[33m,[39m
     [90m     |[39m                                                          
                  [31m[1m^[22m[39m
     [90m 154 |[39m     ][33m,[39m
     [90m 155 |[39m   }
     [90m 156 |[39m )[33m;[39m[0m

      at Object.ne (src/models/actualYield.model.js:153:76)
      at Object.require (src/services/yield.service.js:4:21)
      at Object.require (src/api/controllers/yield.controller.js:3:29)
      at Object.require (src/api/routes/yield.routes.js:4:25)
      at Object.require (src/app.js:17:21)
      at Object.require (tests/integration/ml.yield.test.js:50:13)

  console.warn
    [passport] GOOGLE_CLIENT_ID/SECRET not set; Google OAuth endpoints will not function.

    [0m [90m 15 |[39m   [36mif[39m ([33m![39m[33mGOOGLE_CLIENT_ID[39m [33m||[39m [33m![39m[33mGOOGLE_CLIENT_SECRET[39m) {
     [90m 16 |[39m     [90m// eslint-disable-next-line no-console[39m
    [31m[1m>[22m[39m[90m 17 |[39m     console[33m.[39mwarn(
     [90m    |[39m             [31m[1m^[22m[39m
     [90m 18 |[39m       [32m'[passport] GOOGLE_CLIENT_ID/SECRET not set; Google OAuth endpoints will not function.'[39m
     [90m 19 |[39m     )[33m;[39m
     [90m 20 |[39m   }[0m

      at warn (src/config/passport.config.js:17:13)
      at Object.configurePassport (src/config/passport.config.js:84:18)
      at Object.require (src/api/routes/auth.routes.js:11:18)
      at Object.require (src/app.js:8:20)
      at Object.require (tests/integration/health.indices.test.js:79:13)

FAIL tests/integration/health.indices.test.js
  ΓùÅ Test suite failed to run

    TypeError: Cannot read properties of undefined (reading 'ne')

    [0m [90m 151 |[39m       { unique[33m:[39m [36mtrue[39m[33m,[39m 
fields[33m:[39m [[32m'field_id'[39m[33m,[39m 
[32m'harvest_date'[39m][33m,[39m name[33m:[39m 
[32m'idx_actual_yields_field_harvest_unique'[39m }[33m,[39m
     [90m 152 |[39m       [90m// Prediction lookup[39m
    [31m[1m>[22m[39m[90m 153 |[39m       { fields[33m:[39m 
[[32m'prediction_id'[39m][33m,[39m where[33m:[39m { 
prediction_id[33m:[39m { 
[sequelize[33m.[39m[33mOp[39m[33m.[39mne][33m:[39m [36mnull[39m } } 
}[33m,[39m
     [90m     |[39m                                                          
                  [31m[1m^[22m[39m
     [90m 154 |[39m     ][33m,[39m
     [90m 155 |[39m   }
     [90m 156 |[39m )[33m;[39m[0m

      at Object.ne (src/models/actualYield.model.js:153:76)
      at Object.require (src/services/yield.service.js:4:21)
      at Object.require (src/api/controllers/yield.controller.js:3:29)
      at Object.require (src/api/routes/yield.routes.js:4:25)
      at Object.require (src/app.js:17:21)
      at Object.require (tests/integration/health.indices.test.js:79:13)

FAIL tests/integration/dashboard.metrics.test.js
  ΓùÅ Test suite failed to run

    TypeError: sequelize.literal is not a function

    [0m [90m 67 |[39m       type[33m:[39m 
[33mDataTypes[39m[33m.[39m[33mDATE[39m[33m,[39m
     [90m 68 |[39m       allowNull[33m:[39m [36mfalse[39m[33m,[39m
    [31m[1m>[22m[39m[90m 69 |[39m       defaultValue[33m:[39m 
sequelize[33m.[39mliteral([32m'NOW()'[39m)[33m,[39m
     [90m    |[39m                               [31m[1m^[22m[39m
     [90m 70 |[39m     }[33m,[39m
     [90m 71 |[39m     updated_at[33m:[39m {
     [90m 72 |[39m       type[33m:[39m 
[33mDataTypes[39m[33m.[39m[33mDATE[39m[33m,[39m[0m

      at Object.literal (src/models/user.model.js:69:31)
      at Object.require (src/services/auth.service.js:6:14)
      at Object.require (src/api/controllers/auth.controller.js:3:28)
      at Object.require (src/api/routes/auth.routes.js:5:24)
      at Object.require (src/app.js:8:20)
      at Object.require (tests/integration/dashboard.metrics.test.js:56:13)

  console.warn
    [passport] GOOGLE_CLIENT_ID/SECRET not set; Google OAuth endpoints will not function.

    [0m [90m 15 |[39m   [36mif[39m ([33m![39m[33mGOOGLE_CLIENT_ID[39m [33m||[39m [33m![39m[33mGOOGLE_CLIENT_SECRET[39m) {
     [90m 16 |[39m     [90m// eslint-disable-next-line no-console[39m
    [31m[1m>[22m[39m[90m 17 |[39m     console[33m.[39mwarn(
     [90m    |[39m             [31m[1m^[22m[39m
     [90m 18 |[39m       [32m'[passport] GOOGLE_CLIENT_ID/SECRET not set; Google OAuth endpoints will not function.'[39m
     [90m 19 |[39m     )[33m;[39m
     [90m 20 |[39m   }[0m

      at warn (src/config/passport.config.js:17:13)
      at Object.configurePassport (src/config/passport.config.js:84:18)
      at Object.require (src/api/routes/auth.routes.js:11:18)
      at Object.require (src/app.js:8:20)
      at Object.require (tests/integration/contracts.openapi.test.js:115:13)

FAIL tests/integration/contracts.openapi.test.js
  ΓùÅ Test suite failed to run

    TypeError: Cannot read properties of undefined (reading 'ne')

    [0m [90m 151 |[39m       { unique[33m:[39m [36mtrue[39m[33m,[39m 
fields[33m:[39m [[32m'field_id'[39m[33m,[39m 
[32m'harvest_date'[39m][33m,[39m name[33m:[39m 
[32m'idx_actual_yields_field_harvest_unique'[39m }[33m,[39m
     [90m 152 |[39m       [90m// Prediction lookup[39m
    [31m[1m>[22m[39m[90m 153 |[39m       { fields[33m:[39m 
[[32m'prediction_id'[39m][33m,[39m where[33m:[39m { 
prediction_id[33m:[39m { 
[sequelize[33m.[39m[33mOp[39m[33m.[39mne][33m:[39m [36mnull[39m } } 
}[33m,[39m
     [90m     |[39m                                                          
                  [31m[1m^[22m[39m
     [90m 154 |[39m     ][33m,[39m
     [90m 155 |[39m   }
     [90m 156 |[39m )[33m;[39m[0m

      at Object.ne (src/models/actualYield.model.js:153:76)
      at Object.require (src/services/yield.service.js:4:21)
      at Object.require (src/api/controllers/yield.controller.js:3:29)
      at Object.require (src/api/routes/yield.routes.js:4:25)
      at Object.require (src/app.js:17:21)
      at Object.require (tests/integration/contracts.openapi.test.js:115:13)

  console.warn
    [passport] GOOGLE_CLIENT_ID/SECRET not set; Google OAuth endpoints will not function.

    [0m [90m 15 |[39m   [36mif[39m ([33m![39m[33mGOOGLE_CLIENT_ID[39m [33m||[39m [33m![39m[33mGOOGLE_CLIENT_SECRET[39m) {
     [90m 16 |[39m     [90m// eslint-disable-next-line no-console[39m
    [31m[1m>[22m[39m[90m 17 |[39m     console[33m.[39mwarn(
     [90m    |[39m             [31m[1m^[22m[39m
     [90m 18 |[39m       [32m'[passport] GOOGLE_CLIENT_ID/SECRET not set; Google OAuth endpoints will not function.'[39m
     [90m 19 |[39m     )[33m;[39m
     [90m 20 |[39m   }[0m

      at warn (src/config/passport.config.js:17:13)
      at Object.configurePassport (src/config/passport.config.js:84:18)
      at Object.require (src/api/routes/auth.routes.js:11:18)
      at Object.require (src/app.js:8:20)
      at Object.require (tests/integration/auth.api.test.js:53:13)

FAIL tests/integration/auth.api.test.js
  ΓùÅ Test suite failed to run

    TypeError: Cannot read properties of undefined (reading 'ne')

    [0m [90m 151 |[39m       { unique[33m:[39m [36mtrue[39m[33m,[39m 
fields[33m:[39m [[32m'field_id'[39m[33m,[39m 
[32m'harvest_date'[39m][33m,[39m name[33m:[39m 
[32m'idx_actual_yields_field_harvest_unique'[39m }[33m,[39m
     [90m 152 |[39m       [90m// Prediction lookup[39m
    [31m[1m>[22m[39m[90m 153 |[39m       { fields[33m:[39m 
[[32m'prediction_id'[39m][33m,[39m where[33m:[39m { 
prediction_id[33m:[39m { 
[sequelize[33m.[39m[33mOp[39m[33m.[39mne][33m:[39m [36mnull[39m } } 
}[33m,[39m
     [90m     |[39m                                                          
                  [31m[1m^[22m[39m
     [90m 154 |[39m     ][33m,[39m
     [90m 155 |[39m   }
     [90m 156 |[39m )[33m;[39m[0m

      at Object.ne (src/models/actualYield.model.js:153:76)
      at Object.require (src/services/yield.service.js:4:21)
      at Object.require (src/api/controllers/yield.controller.js:3:29)
      at Object.require (src/api/routes/yield.routes.js:4:25)
      at Object.require (src/app.js:17:21)
      at Object.require (tests/integration/auth.api.test.js:53:13)


=============================== Coverage summary ===============================
Statements   : 62.13% ( 909/1463 )
Branches     : 53.32% ( 586/1099 )
Functions    : 69.83% ( 125/179 )
Lines        : 62.86% ( 870/1384 )
================================================================================
Jest: "global" coverage threshold for statements (80%) not met: 62.13%
Jest: "global" coverage threshold for branches (80%) not met: 53.32%
Jest: "global" coverage threshold for lines (80%) not met: 62.86%
Jest: "global" coverage threshold for functions (80%) not met: 69.83%
Summary of all failing tests
FAIL tests/unit/health.service.test.js
  ΓùÅ HealthService (vegetation indices) unit ΓÇ║ Process API error mapping: 
5xx -> 503, 4xx -> 400

    expect(received).rejects.toMatchObject(expected)

    - Expected  - 1
    + Received  + 1

      Object {
    -   "statusCode": 400,
    +   "statusCode": 501,
      }

    [0m [90m 244 |[39m     [90m// Process 400[39m
     [90m 245 |[39m     
axios[33m.[39mpost[33m.[39mmockImplementationOnce([36masync[39m () 
[33m=>[39m ({ status[33m:[39m [35m400[39m[33m,[39m data[33m:[39m {} 
}))[33m;[39m
    [31m[1m>[22m[39m[90m 246 |[39m     [36mawait[39m 
expect(svc[33m.[39mcomputeIndicesForField(userId[33m,[39m 
fieldId[33m,[39m date))[33m.[39mrejects[33m.[39mtoMatchObject({ 
statusCode[33m:[39m [35m400[39m })[33m;[39m
     [90m     |[39m                                                          
                   [31m[1m^[22m[39m
     [90m 247 |[39m   })[33m;[39m
     [90m 248 |[39m
     [90m 249 |[39m   test([32m'date validation rejects invalid date 
format'[39m[33m,[39m [36masync[39m () [33m=>[39m {[0m

      at Object.toMatchObject (node_modules/expect/build/index.js:218:22)
      at Object.toMatchObject (tests/unit/health.service.test.js:246:77)

FAIL tests/unit/ml.gateway.service.segmentation.test.js
  ΓùÅ MLGatewayService.detectBoundaries Unit ΓÇ║ inline return: returns 
maskBase64 and preserves model/version

    AppError: ML service request failed

    [0m [90m 173 |[39m         message[33m:[39m 
err[33m.[39mmessage[33m,[39m
     [90m 174 |[39m       })[33m;[39m
    [31m[1m>[22m[39m[90m 175 |[39m       [36mthrow[39m [36mnew[39m 
[33mAppError[39m([32m'UPSTREAM_ERROR'[39m[33m,[39m [32m'ML service 
request failed'[39m[33m,[39m [35m502[39m[33m,[39m { message[33m:[39m 
err[33m.[39mmessage })[33m;[39m
     [90m     |[39m             [31m[1m^[22m[39m
     [90m 176 |[39m     }
     [90m 177 |[39m
     [90m 178 |[39m     [36mconst[39m latency [33m=[39m 
[33mDate[39m[33m.[39mnow() [33m-[39m started[33m;[39m[0m

      at MLGatewayService._callML (src/services/mlGateway.service.js:175:13)
      at MLGatewayService.predict (src/services/mlGateway.service.js:310:18)
      at MLGatewayService.detectBoundaries 
(src/services/mlGateway.service.js:374:24)
      at Object.<anonymous> 
(tests/unit/ml.gateway.service.segmentation.test.js:187:17)

FAIL tests/unit/recommendation.service.test.js
  ΓùÅ Test suite failed to run

    ReferenceError: 
D:\FYP\SkyCrop\backend\tests\unit\recommendation.service.test.js: The module 
factory of `jest.mock()` is not allowed to reference any out-of-scope 
variables.
    Invalid variable access: listByWhere
    Allowed objects: AbortController, AbortSignal, AggregateError, Array, 
ArrayBuffer, Atomics, BigInt, BigInt64Array, BigUint64Array, Blob, Boolean, 
BroadcastChannel, Buffer, ByteLengthQueuingStrategy, CompressionStream, 
CountQueuingStrategy, Crypto, CryptoKey, CustomEvent, DOMException, DataView, 
Date, DecompressionStream, Error, EvalError, Event, EventTarget, File, 
FinalizationRegistry, Float32Array, Float64Array, FormData, Function, 
Generator, GeneratorFunction, Headers, Infinity, Int16Array, Int32Array, 
Int8Array, InternalError, Intl, JSON, Map, Math, MessageChannel, MessageEvent, 
MessagePort, NaN, Number, Object, Performance, PerformanceEntry, 
PerformanceMark, PerformanceMeasure, PerformanceObserver, 
PerformanceObserverEntryList, PerformanceResourceTiming, Promise, Proxy, 
RangeError, ReadableByteStreamController, ReadableStream, 
ReadableStreamBYOBReader, ReadableStreamBYOBRequest, 
ReadableStreamDefaultController, ReadableStreamDefaultReader, ReferenceError, 
Reflect, RegExp, Request, Response, Set, SharedArrayBuffer, String, 
SubtleCrypto, Symbol, SyntaxError, TextDecoder, TextDecoderStream, 
TextEncoder, TextEncoderStream, TransformStream, 
TransformStreamDefaultController, TypeError, URIError, URL, URLSearchParams, 
Uint16Array, Uint32Array, Uint8Array, Uint8ClampedArray, WeakMap, WeakRef, 
WeakSet, WebAssembly, WritableStream, WritableStreamDefaultController, 
WritableStreamDefaultWriter, __dirname, __filename, arguments, atob, btoa, 
clearImmediate, clearInterval, clearTimeout, console, crypto, decodeURI, 
decodeURIComponent, encodeURI, encodeURIComponent, escape, eval, expect, 
exports, fetch, global, globalThis, isFinite, isNaN, jest, module, parseFloat, 
parseInt, performance, process, queueMicrotask, require, setImmediate, 
setInterval, setTimeout, structuredClone, undefined, unescape.
    Note: This is a precaution to guard against uninitialized mock variables. 
If it is ensured that the mock is required lazily, variable names prefixed 
with `mock` (case insensitive) are permitted.

    [0m [90m 110 |[39m         [90m// Count existing for date (controller 
helper)[39m
     [90m 111 |[39m         [36mif[39m ([35m/SELECT\s+COUNT\(\*\)::int\s+A
S\s+cnt\s+FROM\s+recommendations/i[39m[33m.[39mtest(s)) {
    [31m[1m>[22m[39m[90m 112 |[39m           [36mconst[39m rows 
[33m=[39m listByWhere({
     [90m     |[39m                        [31m[1m^[22m[39m[31m[1m^[22
m[39m[31m[1m^[22m[39m[31m[1m^[22m[39m[31m[1m^[22m[39m[31m[1m^[2
2m[39m[31m[1m^[22m[39m[31m[1m^[22m[39m[31m[1m^[22m[39m[31m[1m^[
22m[39m[31m[1m^[22m[39m
     [90m 113 |[39m             fieldId[33m:[39m 
replacements[33m.[39mfieldId[33m,[39m
     [90m 114 |[39m             fromISO[33m:[39m 
replacements[33m.[39m[36mfrom[39m[33m,[39m
     [90m 115 |[39m             toISO[33m:[39m 
replacements[33m.[39mto[33m,[39m[0m

      at File.buildCodeFrameError 
(node_modules/@babel/core/src/transformation/file/file.ts:251:12)
      at NodePath.buildError [as buildCodeFrameError] 
(node_modules/@babel/traverse/src/path/index.ts:159:21)
      at call (node_modules/@babel/traverse/src/visitors.ts:299:14)
      at NodePath.call [as _call] 
(node_modules/@babel/traverse/src/path/context.ts:36:20)
      at NodePath.call (node_modules/@babel/traverse/src/path/context.ts:21:18)
      at NodePath.call [as visit] 
(node_modules/@babel/traverse/src/path/context.ts:97:31)
      at TraversalContext.visit [as visitQueue] 
(node_modules/@babel/traverse/src/context.ts:151:16)
      at TraversalContext.visitQueue [as visitMultiple] 
(node_modules/@babel/traverse/src/context.ts:99:17)
      at TraversalContext.visitMultiple [as visit] 
(node_modules/@babel/traverse/src/context.ts:182:19)
      at visit (node_modules/@babel/traverse/src/traverse-node.ts:208:17)
      at NodePath.visit 
(node_modules/@babel/traverse/src/path/context.ts:104:33)
      at TraversalContext.visit [as visitQueue] 
(node_modules/@babel/traverse/src/context.ts:151:16)
      at TraversalContext.visitQueue [as visitSingle] 
(node_modules/@babel/traverse/src/context.ts:109:19)
      at TraversalContext.visitSingle [as visit] 
(node_modules/@babel/traverse/src/context.ts:184:19)
      at visit (node_modules/@babel/traverse/src/traverse-node.ts:208:17)
      at traverse (node_modules/@babel/traverse/src/index.ts:84:15)
      at transformFile 
(node_modules/@babel/core/src/transformation/index.ts:120:15)
          at transformFile.next (<anonymous>)
      at transformFile 
(node_modules/@babel/core/src/transformation/index.ts:50:12)
          at run.next (<anonymous>)
      at transform (node_modules/@babel/core/src/transform.ts:29:20)
          at transform.next (<anonymous>)
      at evaluateSync (node_modules/gensync/index.js:251:28)
      at sync (node_modules/gensync/index.js:89:14)
      at fn (node_modules/@babel/core/src/errors/rewrite-stack-trace.ts:99:14)
      at transformSync (node_modules/@babel/core/src/transform.ts:66:52)
      at ScriptTransformer.transformSource 
(node_modules/@jest/transform/build/ScriptTransformer.js:545:31)
      at ScriptTransformer._transformAndBuildScript 
(node_modules/@jest/transform/build/ScriptTransformer.js:674:40)
      at ScriptTransformer.transform 
(node_modules/@jest/transform/build/ScriptTransformer.js:726:19)

FAIL tests/integration/weather.current.test.js
  ΓùÅ Test suite failed to run

    TypeError: Cannot read properties of undefined (reading 'ne')

    [0m [90m 151 |[39m       { unique[33m:[39m [36mtrue[39m[33m,[39m 
fields[33m:[39m [[32m'field_id'[39m[33m,[39m 
[32m'harvest_date'[39m][33m,[39m name[33m:[39m 
[32m'idx_actual_yields_field_harvest_unique'[39m }[33m,[39m
     [90m 152 |[39m       [90m// Prediction lookup[39m
    [31m[1m>[22m[39m[90m 153 |[39m       { fields[33m:[39m 
[[32m'prediction_id'[39m][33m,[39m where[33m:[39m { 
prediction_id[33m:[39m { 
[sequelize[33m.[39m[33mOp[39m[33m.[39mne][33m:[39m [36mnull[39m } } 
}[33m,[39m
     [90m     |[39m                                                          
                  [31m[1m^[22m[39m
     [90m 154 |[39m     ][33m,[39m
     [90m 155 |[39m   }
     [90m 156 |[39m )[33m;[39m[0m

      at Object.ne (src/models/actualYield.model.js:153:76)
      at Object.require (src/services/yield.service.js:4:21)
      at Object.require (src/api/controllers/yield.controller.js:3:29)
      at Object.require (src/api/routes/yield.routes.js:4:25)
      at Object.require (src/app.js:17:21)
      at Object.require (tests/integration/weather.current.test.js:78:13)

FAIL tests/integration/satellite.tiles.test.js
  ΓùÅ Test suite failed to run

    TypeError: Cannot read properties of undefined (reading 'ne')

    [0m [90m 151 |[39m       { unique[33m:[39m [36mtrue[39m[33m,[39m 
fields[33m:[39m [[32m'field_id'[39m[33m,[39m 
[32m'harvest_date'[39m][33m,[39m name[33m:[39m 
[32m'idx_actual_yields_field_harvest_unique'[39m }[33m,[39m
     [90m 152 |[39m       [90m// Prediction lookup[39m
    [31m[1m>[22m[39m[90m 153 |[39m       { fields[33m:[39m 
[[32m'prediction_id'[39m][33m,[39m where[33m:[39m { 
prediction_id[33m:[39m { 
[sequelize[33m.[39m[33mOp[39m[33m.[39mne][33m:[39m [36mnull[39m } } 
}[33m,[39m
     [90m     |[39m                                                          
                  [31m[1m^[22m[39m
     [90m 154 |[39m     ][33m,[39m
     [90m 155 |[39m   }
     [90m 156 |[39m )[33m;[39m[0m

      at Object.ne (src/models/actualYield.model.js:153:76)
      at Object.require (src/services/yield.service.js:4:21)
      at Object.require (src/api/controllers/yield.controller.js:3:29)
      at Object.require (src/api/routes/yield.routes.js:4:25)
      at Object.require (src/app.js:17:21)
      at Object.require (tests/integration/satellite.tiles.test.js:95:13)

FAIL tests/integration/satellite.preprocess.test.js
  ΓùÅ Test suite failed to run

    TypeError: Cannot read properties of undefined (reading 'ne')

    [0m [90m 151 |[39m       { unique[33m:[39m [36mtrue[39m[33m,[39m 
fields[33m:[39m [[32m'field_id'[39m[33m,[39m 
[32m'harvest_date'[39m][33m,[39m name[33m:[39m 
[32m'idx_actual_yields_field_harvest_unique'[39m }[33m,[39m
     [90m 152 |[39m       [90m// Prediction lookup[39m
    [31m[1m>[22m[39m[90m 153 |[39m       { fields[33m:[39m 
[[32m'prediction_id'[39m][33m,[39m where[33m:[39m { 
prediction_id[33m:[39m { 
[sequelize[33m.[39m[33mOp[39m[33m.[39mne][33m:[39m [36mnull[39m } } 
}[33m,[39m
     [90m     |[39m                                                          
                  [31m[1m^[22m[39m
     [90m 154 |[39m     ][33m,[39m
     [90m 155 |[39m   }
     [90m 156 |[39m )[33m;[39m[0m

      at Object.ne (src/models/actualYield.model.js:153:76)
      at Object.require (src/services/yield.service.js:4:21)
      at Object.require (src/api/controllers/yield.controller.js:3:29)
      at Object.require (src/api/routes/yield.routes.js:4:25)
      at Object.require (src/app.js:17:21)
      at Object.require (tests/integration/satellite.preprocess.test.js:95:13)

FAIL tests/integration/ml.predict.test.js
  ΓùÅ Test suite failed to run

    TypeError: Cannot read properties of undefined (reading 'ne')

    [0m [90m 151 |[39m       { unique[33m:[39m [36mtrue[39m[33m,[39m 
fields[33m:[39m [[32m'field_id'[39m[33m,[39m 
[32m'harvest_date'[39m][33m,[39m name[33m:[39m 
[32m'idx_actual_yields_field_harvest_unique'[39m }[33m,[39m
     [90m 152 |[39m       [90m// Prediction lookup[39m
    [31m[1m>[22m[39m[90m 153 |[39m       { fields[33m:[39m 
[[32m'prediction_id'[39m][33m,[39m where[33m:[39m { 
prediction_id[33m:[39m { 
[sequelize[33m.[39m[33mOp[39m[33m.[39mne][33m:[39m [36mnull[39m } } 
}[33m,[39m
     [90m     |[39m                                                          
                  [31m[1m^[22m[39m
     [90m 154 |[39m     ][33m,[39m
     [90m 155 |[39m   }
     [90m 156 |[39m )[33m;[39m[0m

      at Object.ne (src/models/actualYield.model.js:153:76)
      at Object.require (src/services/yield.service.js:4:21)
      at Object.require (src/api/controllers/yield.controller.js:3:29)
      at Object.require (src/api/routes/yield.routes.js:4:25)
      at Object.require (src/app.js:17:21)
      at Object.require (tests/integration/ml.predict.test.js:51:13)

FAIL tests/integration/fields.api.test.js
  ΓùÅ Test suite failed to run

    TypeError: Cannot read properties of undefined (reading 'ne')

    [0m [90m 151 |[39m       { unique[33m:[39m [36mtrue[39m[33m,[39m 
fields[33m:[39m [[32m'field_id'[39m[33m,[39m 
[32m'harvest_date'[39m][33m,[39m name[33m:[39m 
[32m'idx_actual_yields_field_harvest_unique'[39m }[33m,[39m
     [90m 152 |[39m       [90m// Prediction lookup[39m
    [31m[1m>[22m[39m[90m 153 |[39m       { fields[33m:[39m 
[[32m'prediction_id'[39m][33m,[39m where[33m:[39m { 
prediction_id[33m:[39m { 
[sequelize[33m.[39m[33mOp[39m[33m.[39mne][33m:[39m [36mnull[39m } } 
}[33m,[39m
     [90m     |[39m                                                          
                  [31m[1m^[22m[39m
     [90m 154 |[39m     ][33m,[39m
     [90m 155 |[39m   }
     [90m 156 |[39m )[33m;[39m[0m

      at Object.ne (src/models/actualYield.model.js:153:76)
      at Object.require (src/services/yield.service.js:4:21)
      at Object.require (src/api/controllers/yield.controller.js:3:29)
      at Object.require (src/api/routes/yield.routes.js:4:25)
      at Object.require (src/app.js:17:21)
      at Object.require (tests/integration/fields.api.test.js:75:13)

FAIL tests/integration/recommendation.api.test.js
  ΓùÅ Test suite failed to run

    TypeError: Cannot read properties of undefined (reading 'ne')

    [0m [90m 151 |[39m       { unique[33m:[39m [36mtrue[39m[33m,[39m 
fields[33m:[39m [[32m'field_id'[39m[33m,[39m 
[32m'harvest_date'[39m][33m,[39m name[33m:[39m 
[32m'idx_actual_yields_field_harvest_unique'[39m }[33m,[39m
     [90m 152 |[39m       [90m// Prediction lookup[39m
    [31m[1m>[22m[39m[90m 153 |[39m       { fields[33m:[39m 
[[32m'prediction_id'[39m][33m,[39m where[33m:[39m { 
prediction_id[33m:[39m { 
[sequelize[33m.[39m[33mOp[39m[33m.[39mne][33m:[39m [36mnull[39m } } 
}[33m,[39m
     [90m     |[39m                                                          
                  [31m[1m^[22m[39m
     [90m 154 |[39m     ][33m,[39m
     [90m 155 |[39m   }
     [90m 156 |[39m )[33m;[39m[0m

      at Object.ne (src/models/actualYield.model.js:153:76)
      at Object.require (src/services/yield.service.js:4:21)
      at Object.require (src/api/controllers/yield.controller.js:3:29)
      at Object.require (src/api/routes/yield.routes.js:4:25)
      at Object.require (src/app.js:17:21)
      at Object.require (tests/integration/recommendation.api.test.js:207:13)

FAIL tests/integration/ml.yield.test.js
  ΓùÅ Test suite failed to run

    TypeError: Cannot read properties of undefined (reading 'ne')

    [0m [90m 151 |[39m       { unique[33m:[39m [36mtrue[39m[33m,[39m 
fields[33m:[39m [[32m'field_id'[39m[33m,[39m 
[32m'harvest_date'[39m][33m,[39m name[33m:[39m 
[32m'idx_actual_yields_field_harvest_unique'[39m }[33m,[39m
     [90m 152 |[39m       [90m// Prediction lookup[39m
    [31m[1m>[22m[39m[90m 153 |[39m       { fields[33m:[39m 
[[32m'prediction_id'[39m][33m,[39m where[33m:[39m { 
prediction_id[33m:[39m { 
[sequelize[33m.[39m[33mOp[39m[33m.[39mne][33m:[39m [36mnull[39m } } 
}[33m,[39m
     [90m     |[39m                                                          
                  [31m[1m^[22m[39m
     [90m 154 |[39m     ][33m,[39m
     [90m 155 |[39m   }
     [90m 156 |[39m )[33m;[39m[0m

      at Object.ne (src/models/actualYield.model.js:153:76)
      at Object.require (src/services/yield.service.js:4:21)
      at Object.require (src/api/controllers/yield.controller.js:3:29)
      at Object.require (src/api/routes/yield.routes.js:4:25)
      at Object.require (src/app.js:17:21)
      at Object.require (tests/integration/ml.yield.test.js:50:13)

FAIL tests/integration/health.indices.test.js
  ΓùÅ Test suite failed to run

    TypeError: Cannot read properties of undefined (reading 'ne')

    [0m [90m 151 |[39m       { unique[33m:[39m [36mtrue[39m[33m,[39m 
fields[33m:[39m [[32m'field_id'[39m[33m,[39m 
[32m'harvest_date'[39m][33m,[39m name[33m:[39m 
[32m'idx_actual_yields_field_harvest_unique'[39m }[33m,[39m
     [90m 152 |[39m       [90m// Prediction lookup[39m
    [31m[1m>[22m[39m[90m 153 |[39m       { fields[33m:[39m 
[[32m'prediction_id'[39m][33m,[39m where[33m:[39m { 
prediction_id[33m:[39m { 
[sequelize[33m.[39m[33mOp[39m[33m.[39mne][33m:[39m [36mnull[39m } } 
}[33m,[39m
     [90m     |[39m                                                          
                  [31m[1m^[22m[39m
     [90m 154 |[39m     ][33m,[39m
     [90m 155 |[39m   }
     [90m 156 |[39m )[33m;[39m[0m

      at Object.ne (src/models/actualYield.model.js:153:76)
      at Object.require (src/services/yield.service.js:4:21)
      at Object.require (src/api/controllers/yield.controller.js:3:29)
      at Object.require (src/api/routes/yield.routes.js:4:25)
      at Object.require (src/app.js:17:21)
      at Object.require (tests/integration/health.indices.test.js:79:13)

FAIL tests/integration/dashboard.metrics.test.js
  ΓùÅ Test suite failed to run

    TypeError: sequelize.literal is not a function

    [0m [90m 67 |[39m       type[33m:[39m 
[33mDataTypes[39m[33m.[39m[33mDATE[39m[33m,[39m
     [90m 68 |[39m       allowNull[33m:[39m [36mfalse[39m[33m,[39m
    [31m[1m>[22m[39m[90m 69 |[39m       defaultValue[33m:[39m 
sequelize[33m.[39mliteral([32m'NOW()'[39m)[33m,[39m
     [90m    |[39m                               [31m[1m^[22m[39m
     [90m 70 |[39m     }[33m,[39m
     [90m 71 |[39m     updated_at[33m:[39m {
     [90m 72 |[39m       type[33m:[39m 
[33mDataTypes[39m[33m.[39m[33mDATE[39m[33m,[39m[0m

      at Object.literal (src/models/user.model.js:69:31)
      at Object.require (src/services/auth.service.js:6:14)
      at Object.require (src/api/controllers/auth.controller.js:3:28)
      at Object.require (src/api/routes/auth.routes.js:5:24)
      at Object.require (src/app.js:8:20)
      at Object.require (tests/integration/dashboard.metrics.test.js:56:13)

FAIL tests/integration/contracts.openapi.test.js
  ΓùÅ Test suite failed to run

    TypeError: Cannot read properties of undefined (reading 'ne')

    [0m [90m 151 |[39m       { unique[33m:[39m [36mtrue[39m[33m,[39m 
fields[33m:[39m [[32m'field_id'[39m[33m,[39m 
[32m'harvest_date'[39m][33m,[39m name[33m:[39m 
[32m'idx_actual_yields_field_harvest_unique'[39m }[33m,[39m
     [90m 152 |[39m       [90m// Prediction lookup[39m
    [31m[1m>[22m[39m[90m 153 |[39m       { fields[33m:[39m 
[[32m'prediction_id'[39m][33m,[39m where[33m:[39m { 
prediction_id[33m:[39m { 
[sequelize[33m.[39m[33mOp[39m[33m.[39mne][33m:[39m [36mnull[39m } } 
}[33m,[39m
     [90m     |[39m                                                          
                  [31m[1m^[22m[39m
     [90m 154 |[39m     ][33m,[39m
     [90m 155 |[39m   }
     [90m 156 |[39m )[33m;[39m[0m

      at Object.ne (src/models/actualYield.model.js:153:76)
      at Object.require (src/services/yield.service.js:4:21)
      at Object.require (src/api/controllers/yield.controller.js:3:29)
      at Object.require (src/api/routes/yield.routes.js:4:25)
      at Object.require (src/app.js:17:21)
      at Object.require (tests/integration/contracts.openapi.test.js:115:13)

FAIL tests/integration/auth.api.test.js
  ΓùÅ Test suite failed to run

    TypeError: Cannot read properties of undefined (reading 'ne')

    [0m [90m 151 |[39m       { unique[33m:[39m [36mtrue[39m[33m,[39m 
fields[33m:[39m [[32m'field_id'[39m[33m,[39m 
[32m'harvest_date'[39m][33m,[39m name[33m:[39m 
[32m'idx_actual_yields_field_harvest_unique'[39m }[33m,[39m
     [90m 152 |[39m       [90m// Prediction lookup[39m
    [31m[1m>[22m[39m[90m 153 |[39m       { fields[33m:[39m 
[[32m'prediction_id'[39m][33m,[39m where[33m:[39m { 
prediction_id[33m:[39m { 
[sequelize[33m.[39m[33mOp[39m[33m.[39mne][33m:[39m [36mnull[39m } } 
}[33m,[39m
     [90m     |[39m                                                          
                  [31m[1m^[22m[39m
     [90m 154 |[39m     ][33m,[39m
     [90m 155 |[39m   }
     [90m 156 |[39m )[33m;[39m[0m

      at Object.ne (src/models/actualYield.model.js:153:76)
      at Object.require (src/services/yield.service.js:4:21)
      at Object.require (src/api/controllers/yield.controller.js:3:29)
      at Object.require (src/api/routes/yield.routes.js:4:25)
      at Object.require (src/app.js:17:21)
      at Object.require (tests/integration/auth.api.test.js:53:13)


Test Suites: 14 failed, 16 passed, 30 total
Tests:       2 failed, 117 passed, 119 total
Snapshots:   0 total
Time:        16.34 s
Ran all test suites.
